../Core/Src/main.c:71:1:__io_putchar	16	static
../Core/Src/main.c:90:5:main	16	static
../Core/Src/main.c:189:6:SystemClock_Config	96	static
../Core/Src/main.c:236:13:MX_CAN_Init	8	static
../Core/Src/main.c:273:13:MX_USART1_UART_Init	8	static
../Core/Src/main.c:308:13:MX_USART2_UART_Init	8	static
../Core/Src/main.c:341:13:MX_DMA_Init	16	static
../Core/Src/main.c:362:13:MX_GPIO_Init	40	static
../Core/Src/main.c:390:6:Change_UART1_BaudRate	16	static
../Core/Src/main.c:405:6:HAL_UART_RxCpltCallback	16	static,ignoring_inline_asm
../Core/Src/main.c:417:6:Error_Handler	4	static,ignoring_inline_asm
